2026-08-28 15:39:45,895 - __main__ - INFO - Kezih Delivery bot is starting (polling)...
2026-08-28 15:39:46,628 - httpx - INFO - HTTP Request: POST https://api.telegram.org/bot8675611169:AAF_DKY6zokmqA1F0n3cOR7f_RO5WZzO6rA/getMe "HTTP/1.1 200 OK"
2026-08-28 15:39:46,752 - httpx - INFO - HTTP Request: POST https://api.telegram.org/bot8675611169:AAF_DKY6zokmqA1F0n3cOR7f_RO5WZzO6rA/deleteWebhook "HTTP/1.1 200 OK"
2026-08-28 15:39:46,760 - telegram.ext.Application - INFO - Application started
2026-08-28 15:39:57,194 - httpx - INFO - HTTP Request: POST https://api.telegram.org/bot8675611169:AAF_DKY6zokmqA1F0n3cOR7f_RO5WZzO6rA/getUpdates "HTTP/1.1 200 OK"
2026-08-28 15:40:07,327 - httpx - INFO - HTTP Request: POST https://api.telegram.org/bot8675611169:AAF_DKY6zokmqA1F0n3cOR7f_RO5WZzO6rA/getUpdates "HTTP/1.1 200 OK"
2026-08-28 15:40:17,854 - httpx - INFO - HTTP Request: POST https://api.telegram.org/bot8675611169:AAF_DKY6zokmqA1F0n3cOR7f_RO5WZzO6rA/getUpdates "HTTP/1.1 200 OK"
2026-08-28 15:40:28,046 - httpx - INFO - HTTP Request: POST https://api.telegram.org/bot8675611169:AAF_DKY6zokmqA1F0n3cOR7f_RO5WZzO6rA/getUpdates "HTTP/1.1 200 OK"
2026-08-28 15:40:38,254 - httpx - INFO - HTTP Request: POST https://api.telegram.org/bot8675611169:AAF_DKY6zokmqA1F0n3cOR7f_RO5WZzO6rA/getUpdates "HTTP/1.1 200 OK"
2026-08-28 15:40:48,483 - httpx - INFO - HTTP Request: POST https://api.telegram.org/bot8675611169:AAF_DKY6zokmqA1F0n3cOR7f_RO5WZzO6rA/getUpdates "HTTP/1.1 200 OK"
2026-08-28 15:40:58,624 - httpx - INFO - HTTP Request: POST https://api.telegram.org/bot8675611169:AAF_DKY6zokmqA1F0n3cOR7f_RO5WZzO6rA/getUpdates "HTTP/1.1 200 OK"
2026-08-28 15:41:08,849 - httpx - INFO - HTTP Request: POST https://api.telegram.org/bot8675611169:AAF_DKY6zokmqA1F0n3cOR7f_RO5WZzO6rA/getUpdates "HTTP/1.1 200 OK"
2026-08-28 15:41:18,999 - httpx - INFO - HTTP Request: POST https://api.telegram.org/bot8675611169:AAF_DKY6zokmqA1F0n3cOR7f_RO5WZzO6rA/getUpdates "HTTP/1.1 200 OK"
2026-08-28 15:41:29,262 - httpx - INFO - HTTP Request: POST https://api.telegram.org/bot8675611169:AAF_DKY6zokmqA1F0n3cOR7f_RO5WZzO6rA/getUpdates "HTTP/1.1 200 OK"
2026-08-28 15:41:39,487 - httpx - INFO - HTTP Request: POST https://api.telegram.org/bot8675611169:AAF_DKY6zokmqA1F0n3cOR7f_RO5WZzO6rA/getUpdates "HTTP/1.1 200 OK"
2026-08-28 15:41:49,814 - httpx - INFO - HTTP Request: POST https://api.telegram.org/bot8675611169:AAF_DKY6zokmqA1F0n3cOR7f_RO5WZzO6rA/getUpdates "HTTP/1.1 200 OK"
2026-08-28 15:41:59,969 - httpx - INFO - HTTP Request: POST https://api.telegram.org/bot8675611169:AAF_DKY6zokmqA1F0n3cOR7f_RO5WZzO6rA/getUpdates "HTTP/1.1 200 OK"
2026-08-28 15:42:10,116 - httpx - INFO - HTTP Request: POST https://api.telegram.org/bot8675611169:AAF_DKY6zokmqA1F0n3cOR7f_RO5WZzO6rA/getUpdates "HTTP/1.1 200 OK"
2026-08-28 15:42:20,334 - httpx - INFO - HTTP Request: POST https://api.telegram.org/bot8675611169:AAF_DKY6zokmqA1F0n3cOR7f_RO5WZzO6rA/getUpdates "HTTP/1.1 200 OK"
2026-08-28 15:42:30,445 - httpx - INFO - HTTP Request: POST https://api.telegram.org/bot8675611169:AAF_DKY6zokmqA1F0n3cOR7f_RO5WZzO6rA/getUpdates "HTTP/1.1 200 OK"
2026-08-28 15:42:40,638 - httpx - INFO - HTTP Request: POST https://api.telegram.org/bot8675611169:AAF_DKY6zokmqA1F0n3cOR7f_RO5WZzO6rA/getUpdates "HTTP/1.1 200 OK"
2026-08-28 15:42:50,759 - httpx - INFO - HTTP Request: POST https://api.telegram.org/bot8675611169:AAF_DKY6zokmqA1F0n3cOR7f_RO5WZzO6rA/getUpdates "HTTP/1.1 200 OK"
2026-08-28 15:43:00,890 - httpx - INFO - HTTP Request: POST https://api.telegram.org/bot8675611169:AAF_DKY6zokmqA1F0n3cOR7f_RO5WZzO6rA/getUpdates "HTTP/1.1 200 OK"
2026-08-28 15:43:11,029 - httpx - INFO - HTTP Request: POST https://api.telegram.org/bot8675611169:AAF_DKY6zokmqA1F0n3cOR7f_RO5WZzO6rA/getUpdates "HTTP/1.1 200 OK"
2026-08-28 15:43:21,377 - httpx - INFO - HTTP Request: POST https://api.telegram.org/bot8675611169:AAF_DKY6zokmqA1F0n3cOR7f_RO5WZzO6rA/getUpdates "HTTP/1.1 200 OK"
2026-08-28 15:43:31,631 - httpx - INFO - HTTP Request: POST https://api.telegram.org/bot8675611169:AAF_DKY6zokmqA1F0n3cOR7f_RO5WZzO6rA/getUpdates "HTTP/1.1 200 OK"
2026-08-28 15:43:41,860 - httpx - INFO - HTTP Request: POST https://api.telegram.org/bot8675611169:AAF_DKY6zokmqA1F0n3cOR7f_RO5WZzO6rA/getUpdates "HTTP/1.1 200 OK"
2026-08-28 15:43:52,507 - httpx - INFO - HTTP Request: POST https://api.telegram.org/bot8675611169:AAF_DKY6zokmqA1F0n3cOR7f_RO5WZzO6rA/getUpdates "HTTP/1.1 200 OK"
2026-08-28 15:44:02,740 - httpx - INFO - HTTP Request: POST https://api.telegram.org/bot8675611169:AAF_DKY6zokmqA1F0n3cOR7f_RO5WZzO6rA/getUpdates "HTTP/1.1 200 OK"
2026-08-28 15:44:12,894 - httpx - INFO - HTTP Request: POST https://api.telegram.org/bot8675611169:AAF_DKY6zokmqA1F0n3cOR7f_RO5WZzO6rA/getUpdates "HTTP/1.1 200 OK"
2026-08-28 15:44:23,124 - httpx - INFO - HTTP Request: POST https://api.telegram.org/bot8675611169:AAF_DKY6zokmqA1F0n3cOR7f_RO5WZzO6rA/getUpdates "HTTP/1.1 200 OK"
2026-08-28 15:44:33,344 - httpx - INFO - HTTP Request: POST https://api.telegram.org/bot8675611169:AAF_DKY6zokmqA1F0n3cOR7f_RO5WZzO6rA/getUpdates "HTTP/1.1 200 OK"
2026-08-28 15:44:43,498 - httpx - INFO - HTTP Request: POST https://api.telegram.org/bot8675611169:AAF_DKY6zokmqA1F0n3cOR7f_RO5WZzO6rA/getUpdates "HTTP/1.1 200 OK"
2026-08-28 15:44:53,889 - httpx - INFO - HTTP Request: POST https://api.telegram.org/bot8675611169:AAF_DKY6zokmqA1F0n3cOR7f_RO5WZzO6rA/getUpdates "HTTP/1.1 200 OK"
2026-08-28 15:45:04,498 - httpx - INFO - HTTP Request: POST https://api.telegram.org/bot8675611169:AAF_DKY6zokmqA1F0n3cOR7f_RO5WZzO6rA/getUpdates "HTTP/1.1 200 OK"
2026-08-28 15:45:15,135 - httpx - INFO - HTTP Request: POST https://api.telegram.org/bot8675611169:AAF_DKY6zokmqA1F0n3cOR7f_RO5WZzO6rA/getUpdates "HTTP/1.1 200 OK"
2026-08-28 15:45:25,367 - httpx - INFO - HTTP Request: POST https://api.telegram.org/bot8675611169:AAF_DKY6zokmqA1F0n3cOR7f_RO5WZzO6rA/getUpdates "HTTP/1.1 200 OK"
2026-08-28 15:45:35,780 - httpx - INFO - HTTP Request: POST https://api.telegram.org/bot8675611169:AAF_DKY6zokmqA1F0n3cOR7f_RO5WZzO6rA/getUpdates "HTTP/1.1 200 OK"
2026-08-28 15:45:46,865 - httpx - INFO - HTTP Request: POST https://api.telegram.org/bot8675611169:AAF_DKY6zokmqA1F0n3cOR7f_RO5WZzO6rA/getUpdates "HTTP/1.1 200 OK"
2026-08-28 15:45:57,855 - httpx - INFO - HTTP Request: POST https://api.telegram.org/bot8675611169:AAF_DKY6zokmqA1F0n3cOR7f_RO5WZzO6rA/getUpdates "HTTP/1.1 200 OK"
2026-08-28 15:46:07,976 - httpx - INFO - HTTP Request: POST https://api.telegram.org/bot8675611169:AAF_DKY6zokmqA1F0n3cOR7f_RO5WZzO6rA/getUpdates "HTTP/1.1 200 OK"
2026-08-28 15:46:18,113 - httpx - INFO - HTTP Request: POST https://api.telegram.org/bot8675611169:AAF_DKY6zokmqA1F0n3cOR7f_RO5WZzO6rA/getUpdates "HTTP/1.1 200 OK"
2026-08-28 15:46:28,254 - httpx - INFO - HTTP Request: POST https://api.telegram.org/bot8675611169:AAF_DKY6zokmqA1F0n3cOR7f_RO5WZzO6rA/getUpdates "HTTP/1.1 200 OK"
2026-08-28 15:46:38,480 - httpx - INFO - HTTP Request: POST https://api.telegram.org/bot8675611169:AAF_DKY6zokmqA1F0n3cOR7f_RO5WZzO6rA/getUpdates "HTTP/1.1 200 OK"
2026-08-28 15:46:48,619 - httpx - INFO - HTTP Request: POST https://api.telegram.org/bot8675611169:AAF_DKY6zokmqA1F0n3cOR7f_RO5WZzO6rA/getUpdates "HTTP/1.1 200 OK"
2026-08-28 15:46:58,763 - httpx - INFO - HTTP Request: POST https://api.telegram.org/bot8675611169:AAF_DKY6zokmqA1F0n3cOR7f_RO5WZzO6rA/getUpdates "HTTP/1.1 200 OK"
2026-08-28 15:47:08,885 - httpx - INFO - HTTP Request: POST https://api.telegram.org/bot8675611169:AAF_DKY6zokmqA1F0n3cOR7f_RO5WZzO6rA/getUpdates "HTTP/1.1 200 OK"
2026-08-28 15:47:19,036 - httpx - INFO - HTTP Request: POST https://api.telegram.org/bot8675611169:AAF_DKY6zokmqA1F0n3cOR7f_RO5WZzO6rA/getUpdates "HTTP/1.1 200 OK"
2026-08-28 15:47:29,168 - httpx - INFO - HTTP Request: POST https://api.telegram.org/bot8675611169:AAF_DKY6zokmqA1F0n3cOR7f_RO5WZzO6rA/getUpdates "HTTP/1.1 200 OK"
2026-08-28 15:47:39,277 - httpx - INFO - HTTP Request: POST https://api.telegram.org/bot8675611169:AAF_DKY6zokmqA1F0n3cOR7f_RO5WZzO6rA/getUpdates "HTTP/1.1 200 OK"
2026-08-28 15:47:49,462 - httpx - INFO - HTTP Request: POST https://api.telegram.org/bot8675611169:AAF_DKY6zokmqA1F0n3cOR7f_RO5WZzO6rA/getUpdates "HTTP/1.1 200 OK"
2026-08-28 15:47:59,692 - httpx - INFO - HTTP Request: POST https://api.telegram.org/bot8675611169:AAF_DKY6zokmqA1F0n3cOR7f_RO5WZzO6rA/getUpdates "HTTP/1.1 200 OK"
2026-08-28 15:48:09,835 - httpx - INFO - HTTP Request: POST https://api.telegram.org/bot8675611169:AAF_DKY6zokmqA1F0n3cOR7f_RO5WZzO6rA/getUpdates "HTTP/1.1 200 OK"
2026-08-28 15:48:20,007 - httpx - INFO - HTTP Request: POST https://api.telegram.org/bot8675611169:AAF_DKY6zokmqA1F0n3cOR7f_RO5WZzO6rA/getUpdates "HTTP/1.1 200 OK"
2026-08-28 15:48:30,205 - httpx - INFO - HTTP Request: POST https://api.telegram.org/bot8675611169:AAF_DKY6zokmqA1F0n3cOR7f_RO5WZzO6rA/getUpdates "HTTP/1.1 200 OK"
2026-08-28 15:48:40,335 - httpx - INFO - HTTP Request: POST https://api.telegram.org/bot8675611169:AAF_DKY6zokmqA1F0n3cOR7f_RO5WZzO6rA/getUpdates "HTTP/1.1 200 OK"
2026-08-28 15:48:50,483 - httpx - INFO - HTTP Request: POST https://api.telegram.org/bot8675611169:AAF_DKY6zokmqA1F0n3cOR7f_RO5WZzO6rA/getUpdates "HTTP/1.1 200 OK"
2026-08-28 15:48:57,773 - httpx - INFO - HTTP Request: POST https://api.telegram.org/bot8675611169:AAF_DKY6zokmqA1F0n3cOR7f_RO5WZzO6rA/getUpdates "HTTP/1.1 200 OK"
2026-08-28 15:48:57,776 - telegram.ext.Application - INFO - Application is stopping. This might take a moment.
2026-08-28 15:48:57,777 - telegram.ext.Application - INFO - Application.stop() complete
2026-08-28 15:49:03,095 - __main__ - INFO - Kezih Delivery bot is starting (polling)...
2026-08-28 15:49:04,421 - httpx - INFO - HTTP Request: POST https://api.telegram.org/bot8675611169:AAF_DKY6zokmqA1F0n3cOR7f_RO5WZzO6rA/getMe "HTTP/1.1 200 OK"
2026-08-28 15:49:04,963 - httpx - INFO - HTTP Request: POST https://api.telegram.org/bot8675611169:AAF_DKY6zokmqA1F0n3cOR7f_RO5WZzO6rA/deleteWebhook "HTTP/1.1 200 OK"
2026-08-28 15:49:04,970 - telegram.ext.Application - INFO - Application started
2026-08-28 15:49:15,769 - httpx - INFO - HTTP Request: POST https://api.telegram.org/bot8675611169:AAF_DKY6zokmqA1F0n3cOR7f_RO5WZzO6rA/getUpdates "HTTP/1.1 200 OK"
2026-08-28 15:49:26,208 - httpx - INFO - HTTP Request: POST https://api.telegram.org/bot8675611169:AAF_DKY6zokmqA1F0n3cOR7f_RO5WZzO6rA/getUpdates "HTTP/1.1 200 OK"
2026-08-28 15:49:36,353 - httpx - INFO - HTTP Request: POST https://api.telegram.org/bot8675611169:AAF_DKY6zokmqA1F0n3cOR7f_RO5WZzO6rA/getUpdates "HTTP/1.1 200 OK"
2026-08-28 15:49:46,600 - httpx - INFO - HTTP Request: POST https://api.telegram.org/bot8675611169:AAF_DKY6zokmqA1F0n3cOR7f_RO5WZzO6rA/getUpdates "HTTP/1.1 200 OK"
2026-08-28 15:49:56,872 - httpx - INFO - HTTP Request: POST https://api.telegram.org/bot8675611169:AAF_DKY6zokmqA1F0n3cOR7f_RO5WZzO6rA/getUpdates "HTTP/1.1 200 OK"
2026-08-28 15:50:07,083 - httpx - INFO - HTTP Request: POST https://api.telegram.org/bot8675611169:AAF_DKY6zokmqA1F0n3cOR7f_RO5WZzO6rA/getUpdates "HTTP/1.1 200 OK"
2026-08-28 15:50:17,315 - httpx - INFO - HTTP Request: POST https://api.telegram.org/bot8675611169:AAF_DKY6zokmqA1F0n3cOR7f_RO5WZzO6rA/getUpdates "HTTP/1.1 200 OK"
2026-08-28 15:50:27,573 - httpx - INFO - HTTP Request: POST https://api.telegram.org/bot8675611169:AAF_DKY6zokmqA1F0n3cOR7f_RO5WZzO6rA/getUpdates "HTTP/1.1 200 OK"
2026-08-28 15:50:37,992 - httpx - INFO - HTTP Request: POST https://api.telegram.org/bot8675611169:AAF_DKY6zokmqA1F0n3cOR7f_RO5WZzO6rA/getUpdates "HTTP/1.1 200 OK"
2026-08-28 15:50:48,106 - httpx - INFO - HTTP Request: POST https://api.telegram.org/bot8675611169:AAF_DKY6zokmqA1F0n3cOR7f_RO5WZzO6rA/getUpdates "HTTP/1.1 200 OK"
2026-08-28 15:50:58,908 - httpx - INFO - HTTP Request: POST https://api.telegram.org/bot8675611169:AAF_DKY6zokmqA1F0n3cOR7f_RO5WZzO6rA/getUpdates "HTTP/1.1 200 OK"
2026-08-28 15:51:09,150 - httpx - INFO - HTTP Request: POST https://api.telegram.org/bot8675611169:AAF_DKY6zokmqA1F0n3cOR7f_RO5WZzO6rA/getUpdates "HTTP/1.1 200 OK"
2026-08-28 15:51:19,370 - httpx - INFO - HTTP Request: POST https://api.telegram.org/bot8675611169:AAF_DKY6zokmqA1F0n3cOR7f_RO5WZzO6rA/getUpdates "HTTP/1.1 200 OK"
2026-08-28 15:51:29,545 - httpx - INFO - HTTP Request: POST https://api.telegram.org/bot8675611169:AAF_DKY6zokmqA1F0n3cOR7f_RO5WZzO6rA/getUpdates "HTTP/1.1 200 OK"
2026-08-28 15:51:39,741 - httpx - INFO - HTTP Request: POST https://api.telegram.org/bot8675611169:AAF_DKY6zokmqA1F0n3cOR7f_RO5WZzO6rA/getUpdates "HTTP/1.1 200 OK"
2026-08-28 15:51:49,979 - httpx - INFO - HTTP Request: POST https://api.telegram.org/bot8675611169:AAF_DKY6zokmqA1F0n3cOR7f_RO5WZzO6rA/getUpdates "HTTP/1.1 200 OK"
2026-08-28 15:52:00,223 - httpx - INFO - HTTP Request: POST https://api.telegram.org/bot8675611169:AAF_DKY6zokmqA1F0n3cOR7f_RO5WZzO6rA/getUpdates "HTTP/1.1 200 OK"
2026-08-28 15:52:09,402 - httpx - INFO - HTTP Request: POST https://api.telegram.org/bot8675611169:AAF_DKY6zokmqA1F0n3cOR7f_RO5WZzO6rA/getUpdates "HTTP/1.1 200 OK"
2026-08-28 15:52:09,405 - telegram.ext.Application - INFO - Application is stopping. This might take a moment.
2026-08-28 15:52:09,406 - telegram.ext.Application - INFO - Application.stop() complete
2026-08-28 15:52:12,611 - __main__ - INFO - Kezih Delivery bot is starting (polling)...
2026-08-28 15:52:13,350 - httpx - INFO - HTTP Request: POST https://api.telegram.org/bot8675611169:AAF_DKY6zokmqA1F0n3cOR7f_RO5WZzO6rA/getMe "HTTP/1.1 200 OK"
2026-08-28 15:52:13,472 - httpx - INFO - HTTP Request: POST https://api.telegram.org/bot8675611169:AAF_DKY6zokmqA1F0n3cOR7f_RO5WZzO6rA/deleteWebhook "HTTP/1.1 200 OK"
2026-08-28 15:52:13,480 - telegram.ext.Application - INFO - Application started
2026-08-28 15:52:27,866 - httpx - INFO - HTTP Request: POST https://api.telegram.org/bot8675611169:AAF_DKY6zokmqA1F0n3cOR7f_RO5WZzO6rA/getUpdates "HTTP/1.1 200 OK"
2026-08-28 15:52:38,006 - httpx - INFO - HTTP Request: POST https://api.telegram.org/bot8675611169:AAF_DKY6zokmqA1F0n3cOR7f_RO5WZzO6rA/getUpdates "HTTP/1.1 200 OK"
2026-08-28 15:52:48,144 - httpx - INFO - HTTP Request: POST https://api.telegram.org/bot8675611169:AAF_DKY6zokmqA1F0n3cOR7f_RO5WZzO6rA/getUpdates "HTTP/1.1 200 OK"
2026-08-28 15:52:58,386 - httpx - INFO - HTTP Request: POST https://api.telegram.org/bot8675611169:AAF_DKY6zokmqA1F0n3cOR7f_RO5WZzO6rA/getUpdates "HTTP/1.1 200 OK"
2026-08-28 15:53:09,158 - httpx - INFO - HTTP Request: POST https://api.telegram.org/bot8675611169:AAF_DKY6zokmqA1F0n3cOR7f_RO5WZzO6rA/getUpdates "HTTP/1.1 200 OK"
2026-08-28 15:53:19,400 - httpx - INFO - HTTP Request: POST https://api.telegram.org/bot8675611169:AAF_DKY6zokmqA1F0n3cOR7f_RO5WZzO6rA/getUpdates "HTTP/1.1 200 OK"
2026-08-28 15:53:29,542 - httpx - INFO - HTTP Request: POST https://api.telegram.org/bot8675611169:AAF_DKY6zokmqA1F0n3cOR7f_RO5WZzO6rA/getUpdates "HTTP/1.1 200 OK"
2026-08-28 15:53:39,756 - httpx - INFO - HTTP Request: POST https://api.telegram.org/bot8675611169:AAF_DKY6zokmqA1F0n3cOR7f_RO5WZzO6rA/getUpdates "HTTP/1.1 200 OK"
2026-08-28 15:53:49,894 - httpx - INFO - HTTP Request: POST https://api.telegram.org/bot8675611169:AAF_DKY6zokmqA1F0n3cOR7f_RO5WZzO6rA/getUpdates "HTTP/1.1 200 OK"
2026-08-28 15:54:00,012 - httpx - INFO - HTTP Request: POST https://api.telegram.org/bot8675611169:AAF_DKY6zokmqA1F0n3cOR7f_RO5WZzO6rA/getUpdates "HTTP/1.1 200 OK"
2026-08-28 15:54:10,167 - httpx - INFO - HTTP Request: POST https://api.telegram.org/bot8675611169:AAF_DKY6zokmqA1F0n3cOR7f_RO5WZzO6rA/getUpdates "HTTP/1.1 200 OK"
2026-08-28 15:54:20,285 - httpx - INFO - HTTP Request: POST https://api.telegram.org/bot8675611169:AAF_DKY6zokmqA1F0n3cOR7f_RO5WZzO6rA/getUpdates "HTTP/1.1 200 OK"
2026-08-28 15:54:32,608 - httpx - INFO - HTTP Request: POST https://api.telegram.org/bot8675611169:AAF_DKY6zokmqA1F0n3cOR7f_RO5WZzO6rA/getUpdates "HTTP/1.1 200 OK"
2026-08-28 15:54:42,827 - httpx - INFO - HTTP Request: POST https://api.telegram.org/bot8675611169:AAF_DKY6zokmqA1F0n3cOR7f_RO5WZzO6rA/getUpdates "HTTP/1.1 200 OK"
2026-08-28 16:00:53,681 - httpx - INFO - HTTP Request: POST https://api.telegram.org/bot8675611169:AAF_DKY6zokmqA1F0n3cOR7f_RO5WZzO6rA/getUpdates "HTTP/1.1 200 OK"
2026-08-28 16:01:03,848 - httpx - INFO - HTTP Request: POST https://api.telegram.org/bot8675611169:AAF_DKY6zokmqA1F0n3cOR7f_RO5WZzO6rA/getUpdates "HTTP/1.1 200 OK"
2026-08-28 16:01:13,957 - httpx - INFO - HTTP Request: POST https://api.telegram.org/bot8675611169:AAF_DKY6zokmqA1F0n3cOR7f_RO5WZzO6rA/getUpdates "HTTP/1.1 200 OK"
2026-08-28 16:01:24,124 - httpx - INFO - HTTP Request: POST https://api.telegram.org/bot8675611169:AAF_DKY6zokmqA1F0n3cOR7f_RO5WZzO6rA/getUpdates "HTTP/1.1 200 OK"
2026-08-28 16:01:34,260 - httpx - INFO - HTTP Request: POST https://api.telegram.org/bot8675611169:AAF_DKY6zokmqA1F0n3cOR7f_RO5WZzO6rA/getUpdates "HTTP/1.1 200 OK"
2026-08-28 16:01:44,398 - httpx - INFO - HTTP Request: POST https://api.telegram.org/bot8675611169:AAF_DKY6zokmqA1F0n3cOR7f_RO5WZzO6rA/getUpdates "HTTP/1.1 200 OK"
2026-08-28 16:01:54,536 - httpx - INFO - HTTP Request: POST https://api.telegram.org/bot8675611169:AAF_DKY6zokmqA1F0n3cOR7f_RO5WZzO6rA/getUpdates "HTTP/1.1 200 OK"
2026-08-28 16:02:04,679 - httpx - INFO - HTTP Request: POST https://api.telegram.org/bot8675611169:AAF_DKY6zokmqA1F0n3cOR7f_RO5WZzO6rA/getUpdates "HTTP/1.1 200 OK"
2026-08-28 16:02:15,016 - httpx - INFO - HTTP Request: POST https://api.telegram.org/bot8675611169:AAF_DKY6zokmqA1F0n3cOR7f_RO5WZzO6rA/getUpdates "HTTP/1.1 200 OK"
2026-08-28 16:02:25,153 - httpx - INFO - HTTP Request: POST https://api.telegram.org/bot8675611169:AAF_DKY6zokmqA1F0n3cOR7f_RO5WZzO6rA/getUpdates "HTTP/1.1 200 OK"
2026-08-28 16:02:35,598 - httpx - INFO - HTTP Request: POST https://api.telegram.org/bot8675611169:AAF_DKY6zokmqA1F0n3cOR7f_RO5WZzO6rA/getUpdates "HTTP/1.1 200 OK"
2026-08-28 16:02:45,736 - httpx - INFO - HTTP Request: POST https://api.telegram.org/bot8675611169:AAF_DKY6zokmqA1F0n3cOR7f_RO5WZzO6rA/getUpdates "HTTP/1.1 200 OK"
2026-08-28 16:02:55,873 - httpx - INFO - HTTP Request: POST https://api.telegram.org/bot8675611169:AAF_DKY6zokmqA1F0n3cOR7f_RO5WZzO6rA/getUpdates "HTTP/1.1 200 OK"
2026-08-28 16:03:06,011 - httpx - INFO - HTTP Request: POST https://api.telegram.org/bot8675611169:AAF_DKY6zokmqA1F0n3cOR7f_RO5WZzO6rA/getUpdates "HTTP/1.1 200 OK"
2026-08-28 16:03:16,148 - httpx - INFO - HTTP Request: POST https://api.telegram.org/bot8675611169:AAF_DKY6zokmqA1F0n3cOR7f_RO5WZzO6rA/getUpdates "HTTP/1.1 200 OK"
2026-08-28 16:03:26,286 - httpx - INFO - HTTP Request: POST https://api.telegram.org/bot8675611169:AAF_DKY6zokmqA1F0n3cOR7f_RO5WZzO6rA/getUpdates "HTTP/1.1 200 OK"
2026-08-28 16:03:36,424 - httpx - INFO - HTTP Request: POST https://api.telegram.org/bot8675611169:AAF_DKY6zokmqA1F0n3cOR7f_RO5WZzO6rA/getUpdates "HTTP/1.1 200 OK"
2026-08-28 16:03:46,561 - httpx - INFO - HTTP Request: POST https://api.telegram.org/bot8675611169:AAF_DKY6zokmqA1F0n3cOR7f_RO5WZzO6rA/getUpdates "HTTP/1.1 200 OK"
2026-08-28 16:03:56,703 - httpx - INFO - HTTP Request: POST https://api.telegram.org/bot8675611169:AAF_DKY6zokmqA1F0n3cOR7f_RO5WZzO6rA/getUpdates "HTTP/1.1 200 OK"
2026-08-28 16:04:06,835 - httpx - INFO - HTTP Request: POST https://api.telegram.org/bot8675611169:AAF_DKY6zokmqA1F0n3cOR7f_RO5WZzO6rA/getUpdates "HTTP/1.1 200 OK"
2026-08-28 16:04:16,973 - httpx - INFO - HTTP Request: POST https://api.telegram.org/bot8675611169:AAF_DKY6zokmqA1F0n3cOR7f_RO5WZzO6rA/getUpdates "HTTP/1.1 200 OK"
2026-08-28 16:04:27,115 - httpx - INFO - HTTP Request: POST https://api.telegram.org/bot8675611169:AAF_DKY6zokmqA1F0n3cOR7f_RO5WZzO6rA/getUpdates "HTTP/1.1 200 OK"
2026-08-28 16:04:37,554 - httpx - INFO - HTTP Request: POST https://api.telegram.org/bot8675611169:AAF_DKY6zokmqA1F0n3cOR7f_RO5WZzO6rA/getUpdates "HTTP/1.1 200 OK"
2026-08-28 16:04:47,796 - httpx - INFO - HTTP Request: POST https://api.telegram.org/bot8675611169:AAF_DKY6zokmqA1F0n3cOR7f_RO5WZzO6rA/getUpdates "HTTP/1.1 200 OK"
2026-08-28 16:04:57,905 - httpx - INFO - HTTP Request: POST https://api.telegram.org/bot8675611169:AAF_DKY6zokmqA1F0n3cOR7f_RO5WZzO6rA/getUpdates "HTTP/1.1 200 OK"
2026-08-28 16:05:08,012 - httpx - INFO - HTTP Request: POST https://api.telegram.org/bot8675611169:AAF_DKY6zokmqA1F0n3cOR7f_RO5WZzO6rA/getUpdates "HTTP/1.1 200 OK"
2026-08-28 16:05:18,208 - httpx - INFO - HTTP Request: POST https://api.telegram.org/bot8675611169:AAF_DKY6zokmqA1F0n3cOR7f_RO5WZzO6rA/getUpdates "HTTP/1.1 200 OK"
2026-08-28 16:05:28,345 - httpx - INFO - HTTP Request: POST https://api.telegram.org/bot8675611169:AAF_DKY6zokmqA1F0n3cOR7f_RO5WZzO6rA/getUpdates "HTTP/1.1 200 OK"
2026-08-28 16:05:38,483 - httpx - INFO - HTTP Request: POST https://api.telegram.org/bot8675611169:AAF_DKY6zokmqA1F0n3cOR7f_RO5WZzO6rA/getUpdates "HTTP/1.1 200 OK"
2026-08-28 16:05:48,664 - httpx - INFO - HTTP Request: POST https://api.telegram.org/bot8675611169:AAF_DKY6zokmqA1F0n3cOR7f_RO5WZzO6rA/getUpdates "HTTP/1.1 200 OK"
2026-08-28 16:05:59,183 - httpx - INFO - HTTP Request: POST https://api.telegram.org/bot8675611169:AAF_DKY6zokmqA1F0n3cOR7f_RO5WZzO6rA/getUpdates "HTTP/1.1 200 OK"
2026-08-28 16:06:09,317 - httpx - INFO - HTTP Request: POST https://api.telegram.org/bot8675611169:AAF_DKY6zokmqA1F0n3cOR7f_RO5WZzO6rA/getUpdates "HTTP/1.1 200 OK"
2026-08-28 16:06:19,442 - httpx - INFO - HTTP Request: POST https://api.telegram.org/bot8675611169:AAF_DKY6zokmqA1F0n3cOR7f_RO5WZzO6rA/getUpdates "HTTP/1.1 200 OK"
2026-08-28 16:06:29,555 - httpx - INFO - HTTP Request: POST https://api.telegram.org/bot8675611169:AAF_DKY6zokmqA1F0n3cOR7f_RO5WZzO6rA/getUpdates "HTTP/1.1 200 OK"
2026-08-28 16:06:39,718 - httpx - INFO - HTTP Request: POST https://api.telegram.org/bot8675611169:AAF_DKY6zokmqA1F0n3cOR7f_RO5WZzO6rA/getUpdates "HTTP/1.1 200 OK"
2026-08-28 16:06:49,855 - httpx - INFO - HTTP Request: POST https://api.telegram.org/bot8675611169:AAF_DKY6zokmqA1F0n3cOR7f_RO5WZzO6rA/getUpdates "HTTP/1.1 200 OK"
2026-08-28 16:06:59,991 - httpx - INFO - HTTP Request: POST https://api.telegram.org/bot8675611169:AAF_DKY6zokmqA1F0n3cOR7f_RO5WZzO6rA/getUpdates "HTTP/1.1 200 OK"
2026-08-28 16:07:10,131 - httpx - INFO - HTTP Request: POST https://api.telegram.org/bot8675611169:AAF_DKY6zokmqA1F0n3cOR7f_RO5WZzO6rA/getUpdates "HTTP/1.1 200 OK"
2026-08-28 16:07:20,267 - httpx - INFO - HTTP Request: POST https://api.telegram.org/bot8675611169:AAF_DKY6zokmqA1F0n3cOR7f_RO5WZzO6rA/getUpdates "HTTP/1.1 200 OK"
2026-08-28 16:07:30,406 - httpx - INFO - HTTP Request: POST https://api.telegram.org/bot8675611169:AAF_DKY6zokmqA1F0n3cOR7f_RO5WZzO6rA/getUpdates "HTTP/1.1 200 OK"
2026-08-28 16:07:40,543 - httpx - INFO - HTTP Request: POST https://api.telegram.org/bot8675611169:AAF_DKY6zokmqA1F0n3cOR7f_RO5WZzO6rA/getUpdates "HTTP/1.1 200 OK"
2026-08-28 16:07:50,783 - httpx - INFO - HTTP Request: POST https://api.telegram.org/bot8675611169:AAF_DKY6zokmqA1F0n3cOR7f_RO5WZzO6rA/getUpdates "HTTP/1.1 200 OK"
2026-08-28 16:08:00,924 - httpx - INFO - HTTP Request: POST https://api.telegram.org/bot8675611169:AAF_DKY6zokmqA1F0n3cOR7f_RO5WZzO6rA/getUpdates "HTTP/1.1 200 OK"
2026-08-28 16:08:11,033 - httpx - INFO - HTTP Request: POST https://api.telegram.org/bot8675611169:AAF_DKY6zokmqA1F0n3cOR7f_RO5WZzO6rA/getUpdates "HTTP/1.1 200 OK"
2026-08-28 16:08:21,195 - httpx - INFO - HTTP Request: POST https://api.telegram.org/bot8675611169:AAF_DKY6zokmqA1F0n3cOR7f_RO5WZzO6rA/getUpdates "HTTP/1.1 200 OK"
2026-08-28 16:08:31,442 - httpx - INFO - HTTP Request: POST https://api.telegram.org/bot8675611169:AAF_DKY6zokmqA1F0n3cOR7f_RO5WZzO6rA/getUpdates "HTTP/1.1 200 OK"
2026-08-28 16:08:41,572 - httpx - INFO - HTTP Request: POST https://api.telegram.org/bot8675611169:AAF_DKY6zokmqA1F0n3cOR7f_RO5WZzO6rA/getUpdates "HTTP/1.1 200 OK"
2026-08-28 16:08:51,710 - httpx - INFO - HTTP Request: POST https://api.telegram.org/bot8675611169:AAF_DKY6zokmqA1F0n3cOR7f_RO5WZzO6rA/getUpdates "HTTP/1.1 200 OK"
2026-08-28 16:09:01,848 - httpx - INFO - HTTP Request: POST https://api.telegram.org/bot8675611169:AAF_DKY6zokmqA1F0n3cOR7f_RO5WZzO6rA/getUpdates "HTTP/1.1 200 OK"
2026-08-28 16:09:11,985 - httpx - INFO - HTTP Request: POST https://api.telegram.org/bot8675611169:AAF_DKY6zokmqA1F0n3cOR7f_RO5WZzO6rA/getUpdates "HTTP/1.1 200 OK"
2026-08-28 16:09:22,122 - httpx - INFO - HTTP Request: POST https://api.telegram.org/bot8675611169:AAF_DKY6zokmqA1F0n3cOR7f_RO5WZzO6rA/getUpdates "HTTP/1.1 200 OK"
2026-08-28 16:09:32,261 - httpx - INFO - HTTP Request: POST https://api.telegram.org/bot8675611169:AAF_DKY6zokmqA1F0n3cOR7f_RO5WZzO6rA/getUpdates "HTTP/1.1 200 OK"
2026-08-28 16:09:42,403 - httpx - INFO - HTTP Request: POST https://api.telegram.org/bot8675611169:AAF_DKY6zokmqA1F0n3cOR7f_RO5WZzO6rA/getUpdates "HTTP/1.1 200 OK"
2026-08-28 16:09:52,537 - httpx - INFO - HTTP Request: POST https://api.telegram.org/bot8675611169:AAF_DKY6zokmqA1F0n3cOR7f_RO5WZzO6rA/getUpdates "HTTP/1.1 200 OK"
2026-08-28 16:10:03,089 - httpx - INFO - HTTP Request: POST https://api.telegram.org/bot8675611169:AAF_DKY6zokmqA1F0n3cOR7f_RO5WZzO6rA/getUpdates "HTTP/1.1 200 OK"
2026-08-28 16:10:13,331 - httpx - INFO - HTTP Request: POST https://api.telegram.org/bot8675611169:AAF_DKY6zokmqA1F0n3cOR7f_RO5WZzO6rA/getUpdates "HTTP/1.1 200 OK"
2026-08-28 16:10:23,563 - httpx - INFO - HTTP Request: POST https://api.telegram.org/bot8675611169:AAF_DKY6zokmqA1F0n3cOR7f_RO5WZzO6rA/getUpdates "HTTP/1.1 200 OK"
2026-08-28 16:10:33,700 - httpx - INFO - HTTP Request: POST https://api.telegram.org/bot8675611169:AAF_DKY6zokmqA1F0n3cOR7f_RO5WZzO6rA/getUpdates "HTTP/1.1 200 OK"
2026-08-28 16:10:43,838 - httpx - INFO - HTTP Request: POST https://api.telegram.org/bot8675611169:AAF_DKY6zokmqA1F0n3cOR7f_RO5WZzO6rA/getUpdates "HTTP/1.1 200 OK"
2026-08-28 16:10:53,975 - httpx - INFO - HTTP Request: POST https://api.telegram.org/bot8675611169:AAF_DKY6zokmqA1F0n3cOR7f_RO5WZzO6rA/getUpdates "HTTP/1.1 200 OK"
2026-08-28 16:11:04,113 - httpx - INFO - HTTP Request: POST https://api.telegram.org/bot8675611169:AAF_DKY6zokmqA1F0n3cOR7f_RO5WZzO6rA/getUpdates "HTTP/1.1 200 OK"
2026-08-28 16:11:14,250 - httpx - INFO - HTTP Request: POST https://api.telegram.org/bot8675611169:AAF_DKY6zokmqA1F0n3cOR7f_RO5WZzO6rA/getUpdates "HTTP/1.1 200 OK"
2026-08-28 16:11:24,491 - httpx - INFO - HTTP Request: POST https://api.telegram.org/bot8675611169:AAF_DKY6zokmqA1F0n3cOR7f_RO5WZzO6rA/getUpdates "HTTP/1.1 200 OK"
2026-08-28 16:11:34,629 - httpx - INFO - HTTP Request: POST https://api.telegram.org/bot8675611169:AAF_DKY6zokmqA1F0n3cOR7f_RO5WZzO6rA/getUpdates "HTTP/1.1 200 OK"
2026-08-28 16:11:45,276 - httpx - INFO - HTTP Request: POST https://api.telegram.org/bot8675611169:AAF_DKY6zokmqA1F0n3cOR7f_RO5WZzO6rA/getUpdates "HTTP/1.1 200 OK"
2026-08-28 16:11:55,438 - httpx - INFO - HTTP Request: POST https://api.telegram.org/bot8675611169:AAF_DKY6zokmqA1F0n3cOR7f_RO5WZzO6rA/getUpdates "HTTP/1.1 200 OK"
2026-08-28 16:12:05,661 - httpx - INFO - HTTP Request: POST https://api.telegram.org/bot8675611169:AAF_DKY6zokmqA1F0n3cOR7f_RO5WZzO6rA/getUpdates "HTTP/1.1 200 OK"
2026-08-28 16:12:15,786 - httpx - INFO - HTTP Request: POST https://api.telegram.org/bot8675611169:AAF_DKY6zokmqA1F0n3cOR7f_RO5WZzO6rA/getUpdates "HTTP/1.1 200 OK"
2026-08-28 16:12:25,949 - httpx - INFO - HTTP Request: POST https://api.telegram.org/bot8675611169:AAF_DKY6zokmqA1F0n3cOR7f_RO5WZzO6rA/getUpdates "HTTP/1.1 200 OK"
2026-08-28 16:12:36,585 - httpx - INFO - HTTP Request: POST https://api.telegram.org/bot8675611169:AAF_DKY6zokmqA1F0n3cOR7f_RO5WZzO6rA/getUpdates "HTTP/1.1 200 OK"
2026-08-28 16:12:46,718 - httpx - INFO - HTTP Request: POST https://api.telegram.org/bot8675611169:AAF_DKY6zokmqA1F0n3cOR7f_RO5WZzO6rA/getUpdates "HTTP/1.1 200 OK"
2026-08-28 16:12:56,856 - httpx - INFO - HTTP Request: POST https://api.telegram.org/bot8675611169:AAF_DKY6zokmqA1F0n3cOR7f_RO5WZzO6rA/getUpdates "HTTP/1.1 200 OK"
2026-08-28 16:13:06,994 - httpx - INFO - HTTP Request: POST https://api.telegram.org/bot8675611169:AAF_DKY6zokmqA1F0n3cOR7f_RO5WZzO6rA/getUpdates "HTTP/1.1 200 OK"
2026-08-28 16:13:17,132 - httpx - INFO - HTTP Request: POST https://api.telegram.org/bot8675611169:AAF_DKY6zokmqA1F0n3cOR7f_RO5WZzO6rA/getUpdates "HTTP/1.1 200 OK"
2026-08-28 16:13:27,271 - httpx - INFO - HTTP Request: POST https://api.telegram.org/bot8675611169:AAF_DKY6zokmqA1F0n3cOR7f_RO5WZzO6rA/getUpdates "HTTP/1.1 200 OK"
2026-08-28 16:13:37,407 - httpx - INFO - HTTP Request: POST https://api.telegram.org/bot8675611169:AAF_DKY6zokmqA1F0n3cOR7f_RO5WZzO6rA/getUpdates "HTTP/1.1 200 OK"
2026-08-28 16:13:47,650 - httpx - INFO - HTTP Request: POST https://api.telegram.org/bot8675611169:AAF_DKY6zokmqA1F0n3cOR7f_RO5WZzO6rA/getUpdates "HTTP/1.1 200 OK"
2026-08-28 16:13:57,788 - httpx - INFO - HTTP Request: POST https://api.telegram.org/bot8675611169:AAF_DKY6zokmqA1F0n3cOR7f_RO5WZzO6rA/getUpdates "HTTP/1.1 200 OK"
2026-08-28 16:14:07,925 - httpx - INFO - HTTP Request: POST https://api.telegram.org/bot8675611169:AAF_DKY6zokmqA1F0n3cOR7f_RO5WZzO6rA/getUpdates "HTTP/1.1 200 OK"
2026-08-28 16:14:18,479 - httpx - INFO - HTTP Request: POST https://api.telegram.org/bot8675611169:AAF_DKY6zokmqA1F0n3cOR7f_RO5WZzO6rA/getUpdates "HTTP/1.1 200 OK"
2026-08-28 16:14:28,715 - httpx - INFO - HTTP Request: POST https://api.telegram.org/bot8675611169:AAF_DKY6zokmqA1F0n3cOR7f_RO5WZzO6rA/getUpdates "HTTP/1.1 200 OK"
2026-08-28 16:14:38,865 - httpx - INFO - HTTP Request: POST https://api.telegram.org/bot8675611169:AAF_DKY6zokmqA1F0n3cOR7f_RO5WZzO6rA/getUpdates "HTTP/1.1 200 OK"
2026-08-28 16:14:49,093 - httpx - INFO - HTTP Request: POST https://api.telegram.org/bot8675611169:AAF_DKY6zokmqA1F0n3cOR7f_RO5WZzO6rA/getUpdates "HTTP/1.1 200 OK"
2026-08-28 16:14:59,230 - httpx - INFO - HTTP Request: POST https://api.telegram.org/bot8675611169:AAF_DKY6zokmqA1F0n3cOR7f_RO5WZzO6rA/getUpdates "HTTP/1.1 200 OK"
2026-08-28 16:15:09,368 - httpx - INFO - HTTP Request: POST https://api.telegram.org/bot8675611169:AAF_DKY6zokmqA1F0n3cOR7f_RO5WZzO6rA/getUpdates "HTTP/1.1 200 OK"
2026-08-28 16:15:19,506 - httpx - INFO - HTTP Request: POST https://api.telegram.org/bot8675611169:AAF_DKY6zokmqA1F0n3cOR7f_RO5WZzO6rA/getUpdates "HTTP/1.1 200 OK"
2026-08-28 16:15:29,645 - httpx - INFO - HTTP Request: POST https://api.telegram.org/bot8675611169:AAF_DKY6zokmqA1F0n3cOR7f_RO5WZzO6rA/getUpdates "HTTP/1.1 200 OK"
2026-08-28 16:15:39,783 - httpx - INFO - HTTP Request: POST https://api.telegram.org/bot8675611169:AAF_DKY6zokmqA1F0n3cOR7f_RO5WZzO6rA/getUpdates "HTTP/1.1 200 OK"
2026-08-28 16:15:49,920 - httpx - INFO - HTTP Request: POST https://api.telegram.org/bot8675611169:AAF_DKY6zokmqA1F0n3cOR7f_RO5WZzO6rA/getUpdates "HTTP/1.1 200 OK"
2026-08-28 16:16:00,060 - httpx - INFO - HTTP Request: POST https://api.telegram.org/bot8675611169:AAF_DKY6zokmqA1F0n3cOR7f_RO5WZzO6rA/getUpdates "HTTP/1.1 200 OK"
2026-08-28 16:16:10,206 - httpx - INFO - HTTP Request: POST https://api.telegram.org/bot8675611169:AAF_DKY6zokmqA1F0n3cOR7f_RO5WZzO6rA/getUpdates "HTTP/1.1 200 OK"
2026-08-28 16:16:20,335 - httpx - INFO - HTTP Request: POST https://api.telegram.org/bot8675611169:AAF_DKY6zokmqA1F0n3cOR7f_RO5WZzO6rA/getUpdates "HTTP/1.1 200 OK"
2026-08-28 16:16:30,575 - httpx - INFO - HTTP Request: POST https://api.telegram.org/bot8675611169:AAF_DKY6zokmqA1F0n3cOR7f_RO5WZzO6rA/getUpdates "HTTP/1.1 200 OK"
2026-08-28 16:16:41,020 - httpx - INFO - HTTP Request: POST https://api.telegram.org/bot8675611169:AAF_DKY6zokmqA1F0n3cOR7f_RO5WZzO6rA/getUpdates "HTTP/1.1 200 OK"
2026-08-28 16:16:51,261 - httpx - INFO - HTTP Request: POST https://api.telegram.org/bot8675611169:AAF_DKY6zokmqA1F0n3cOR7f_RO5WZzO6rA/getUpdates "HTTP/1.1 200 OK"
2026-08-28 16:17:01,548 - httpx - INFO - HTTP Request: POST https://api.telegram.org/bot8675611169:AAF_DKY6zokmqA1F0n3cOR7f_RO5WZzO6rA/getUpdates "HTTP/1.1 200 OK"
2026-08-28 16:17:11,748 - httpx - INFO - HTTP Request: POST https://api.telegram.org/bot8675611169:AAF_DKY6zokmqA1F0n3cOR7f_RO5WZzO6rA/getUpdates "HTTP/1.1 200 OK"
2026-08-28 16:17:21,988 - httpx - INFO - HTTP Request: POST https://api.telegram.org/bot8675611169:AAF_DKY6zokmqA1F0n3cOR7f_RO5WZzO6rA/getUpdates "HTTP/1.1 200 OK"
2026-08-28 16:17:32,249 - httpx - INFO - HTTP Request: POST https://api.telegram.org/bot8675611169:AAF_DKY6zokmqA1F0n3cOR7f_RO5WZzO6rA/getUpdates "HTTP/1.1 200 OK"
2026-08-28 16:17:42,500 - httpx - INFO - HTTP Request: POST https://api.telegram.org/bot8675611169:AAF_DKY6zokmqA1F0n3cOR7f_RO5WZzO6rA/getUpdates "HTTP/1.1 200 OK"
2026-08-28 16:17:53,032 - httpx - INFO - HTTP Request: POST https://api.telegram.org/bot8675611169:AAF_DKY6zokmqA1F0n3cOR7f_RO5WZzO6rA/getUpdates "HTTP/1.1 200 OK"
2026-08-28 16:18:03,675 - httpx - INFO - HTTP Request: POST https://api.telegram.org/bot8675611169:AAF_DKY6zokmqA1F0n3cOR7f_RO5WZzO6rA/getUpdates "HTTP/1.1 200 OK"
2026-08-28 16:18:13,934 - httpx - INFO - HTTP Request: POST https://api.telegram.org/bot8675611169:AAF_DKY6zokmqA1F0n3cOR7f_RO5WZzO6rA/getUpdates "HTTP/1.1 200 OK"
2026-08-28 16:18:24,140 - httpx - INFO - HTTP Request: POST https://api.telegram.org/bot8675611169:AAF_DKY6zokmqA1F0n3cOR7f_RO5WZzO6rA/getUpdates "HTTP/1.1 200 OK"
2026-08-28 16:18:34,278 - httpx - INFO - HTTP Request: POST https://api.telegram.org/bot8675611169:AAF_DKY6zokmqA1F0n3cOR7f_RO5WZzO6rA/getUpdates "HTTP/1.1 200 OK"
2026-08-28 16:18:44,517 - httpx - INFO - HTTP Request: POST https://api.telegram.org/bot8675611169:AAF_DKY6zokmqA1F0n3cOR7f_RO5WZzO6rA/getUpdates "HTTP/1.1 200 OK"
2026-08-28 16:18:54,657 - httpx - INFO - HTTP Request: POST https://api.telegram.org/bot8675611169:AAF_DKY6zokmqA1F0n3cOR7f_RO5WZzO6rA/getUpdates "HTTP/1.1 200 OK"
2026-08-28 16:19:04,770 - httpx - INFO - HTTP Request: POST https://api.telegram.org/bot8675611169:AAF_DKY6zokmqA1F0n3cOR7f_RO5WZzO6rA/getUpdates "HTTP/1.1 200 OK"
2026-08-28 16:19:14,932 - httpx - INFO - HTTP Request: POST https://api.telegram.org/bot8675611169:AAF_DKY6zokmqA1F0n3cOR7f_RO5WZzO6rA/getUpdates "HTTP/1.1 200 OK"
2026-08-28 16:19:25,075 - httpx - INFO - HTTP Request: POST https://api.telegram.org/bot8675611169:AAF_DKY6zokmqA1F0n3cOR7f_RO5WZzO6rA/getUpdates "HTTP/1.1 200 OK"
2026-08-28 16:19:35,208 - httpx - INFO - HTTP Request: POST https://api.telegram.org/bot8675611169:AAF_DKY6zokmqA1F0n3cOR7f_RO5WZzO6rA/getUpdates "HTTP/1.1 200 OK"
2026-08-28 16:19:45,385 - httpx - INFO - HTTP Request: POST https://api.telegram.org/bot8675611169:AAF_DKY6zokmqA1F0n3cOR7f_RO5WZzO6rA/getUpdates "HTTP/1.1 200 OK"
2026-08-28 16:19:55,600 - httpx - INFO - HTTP Request: POST https://api.telegram.org/bot8675611169:AAF_DKY6zokmqA1F0n3cOR7f_RO5WZzO6rA/getUpdates "HTTP/1.1 200 OK"
2026-08-28 16:20:05,835 - httpx - INFO - HTTP Request: POST https://api.telegram.org/bot8675611169:AAF_DKY6zokmqA1F0n3cOR7f_RO5WZzO6rA/getUpdates "HTTP/1.1 200 OK"
2026-08-28 16:20:16,169 - httpx - INFO - HTTP Request: POST https://api.telegram.org/bot8675611169:AAF_DKY6zokmqA1F0n3cOR7f_RO5WZzO6rA/getUpdates "HTTP/1.1 200 OK"
2026-08-28 16:20:26,357 - httpx - INFO - HTTP Request: POST https://api.telegram.org/bot8675611169:AAF_DKY6zokmqA1F0n3cOR7f_RO5WZzO6rA/getUpdates "HTTP/1.1 200 OK"
2026-08-28 16:20:36,574 - httpx - INFO - HTTP Request: POST https://api.telegram.org/bot8675611169:AAF_DKY6zokmqA1F0n3cOR7f_RO5WZzO6rA/getUpdates "HTTP/1.1 200 OK"
2026-08-28 16:20:46,849 - httpx - INFO - HTTP Request: POST https://api.telegram.org/bot8675611169:AAF_DKY6zokmqA1F0n3cOR7f_RO5WZzO6rA/getUpdates "HTTP/1.1 200 OK"
2026-08-28 16:20:57,028 - httpx - INFO - HTTP Request: POST https://api.telegram.org/bot8675611169:AAF_DKY6zokmqA1F0n3cOR7f_RO5WZzO6rA/getUpdates "HTTP/1.1 200 OK"
2026-08-28 16:21:07,139 - httpx - INFO - HTTP Request: POST https://api.telegram.org/bot8675611169:AAF_DKY6zokmqA1F0n3cOR7f_RO5WZzO6rA/getUpdates "HTTP/1.1 200 OK"
2026-08-28 16:21:17,304 - httpx - INFO - HTTP Request: POST https://api.telegram.org/bot8675611169:AAF_DKY6zokmqA1F0n3cOR7f_RO5WZzO6rA/getUpdates "HTTP/1.1 200 OK"
2026-08-28 16:21:22,948 - httpx - INFO - HTTP Request: POST https://api.telegram.org/bot8675611169:AAF_DKY6zokmqA1F0n3cOR7f_RO5WZzO6rA/getUpdates "HTTP/1.1 200 OK"
2026-08-28 16:21:22,949 - telegram.ext.Application - INFO - Application is stopping. This might take a moment.
2026-08-28 16:21:22,950 - telegram.ext.Application - INFO - Application.stop() complete
2026-08-28 16:24:08,694 - __main__ - INFO - Kezih Delivery bot is starting (polling)...
2026-08-28 16:24:14,362 - httpx - INFO - HTTP Request: POST https://api.telegram.org/bot8675611169:AAF_DKY6zokmqA1F0n3cOR7f_RO5WZzO6rA/getMe "HTTP/1.1 200 OK"
2026-08-28 16:24:14,466 - httpx - INFO - HTTP Request: POST https://api.telegram.org/bot8675611169:AAF_DKY6zokmqA1F0n3cOR7f_RO5WZzO6rA/deleteWebhook "HTTP/1.1 200 OK"
2026-08-28 16:24:14,473 - telegram.ext.Application - INFO - Application started
2026-08-28 16:24:24,801 - httpx - INFO - HTTP Request: POST https://api.telegram.org/bot8675611169:AAF_DKY6zokmqA1F0n3cOR7f_RO5WZzO6rA/getUpdates "HTTP/1.1 200 OK"
2026-08-28 16:24:34,940 - httpx - INFO - HTTP Request: POST https://api.telegram.org/bot8675611169:AAF_DKY6zokmqA1F0n3cOR7f_RO5WZzO6rA/getUpdates "HTTP/1.1 200 OK"
2026-08-28 16:24:45,082 - httpx - INFO - HTTP Request: POST https://api.telegram.org/bot8675611169:AAF_DKY6zokmqA1F0n3cOR7f_RO5WZzO6rA/getUpdates "HTTP/1.1 200 OK"
2026-08-28 16:24:55,185 - httpx - INFO - HTTP Request: POST https://api.telegram.org/bot8675611169:AAF_DKY6zokmqA1F0n3cOR7f_RO5WZzO6rA/getUpdates "HTTP/1.1 200 OK"
2026-08-28 16:25:05,352 - httpx - INFO - HTTP Request: POST https://api.telegram.org/bot8675611169:AAF_DKY6zokmqA1F0n3cOR7f_RO5WZzO6rA/getUpdates "HTTP/1.1 200 OK"
2026-08-28 16:25:15,490 - httpx - INFO - HTTP Request: POST https://api.telegram.org/bot8675611169:AAF_DKY6zokmqA1F0n3cOR7f_RO5WZzO6rA/getUpdates "HTTP/1.1 200 OK"
2026-08-28 16:25:25,590 - httpx - INFO - HTTP Request: POST https://api.telegram.org/bot8675611169:AAF_DKY6zokmqA1F0n3cOR7f_RO5WZzO6rA/getUpdates "HTTP/1.1 200 OK"
2026-08-28 16:25:35,765 - httpx - INFO - HTTP Request: POST https://api.telegram.org/bot8675611169:AAF_DKY6zokmqA1F0n3cOR7f_RO5WZzO6rA/getUpdates "HTTP/1.1 200 OK"
2026-08-28 16:25:45,902 - httpx - INFO - HTTP Request: POST https://api.telegram.org/bot8675611169:AAF_DKY6zokmqA1F0n3cOR7f_RO5WZzO6rA/getUpdates "HTTP/1.1 200 OK"
2026-08-28 16:25:56,024 - httpx - INFO - HTTP Request: POST https://api.telegram.org/bot8675611169:AAF_DKY6zokmqA1F0n3cOR7f_RO5WZzO6rA/getUpdates "HTTP/1.1 200 OK"
2026-08-28 16:26:06,184 - httpx - INFO - HTTP Request: POST https://api.telegram.org/bot8675611169:AAF_DKY6zokmqA1F0n3cOR7f_RO5WZzO6rA/getUpdates "HTTP/1.1 200 OK"
2026-08-28 16:26:16,316 - httpx - INFO - HTTP Request: POST https://api.telegram.org/bot8675611169:AAF_DKY6zokmqA1F0n3cOR7f_RO5WZzO6rA/getUpdates "HTTP/1.1 200 OK"
2026-08-28 16:26:26,422 - httpx - INFO - HTTP Request: POST https://api.telegram.org/bot8675611169:AAF_DKY6zokmqA1F0n3cOR7f_RO5WZzO6rA/getUpdates "HTTP/1.1 200 OK"
2026-08-28 16:26:36,591 - httpx - INFO - HTTP Request: POST https://api.telegram.org/bot8675611169:AAF_DKY6zokmqA1F0n3cOR7f_RO5WZzO6rA/getUpdates "HTTP/1.1 200 OK"
2026-08-28 16:26:46,728 - httpx - INFO - HTTP Request: POST https://api.telegram.org/bot8675611169:AAF_DKY6zokmqA1F0n3cOR7f_RO5WZzO6rA/getUpdates "HTTP/1.1 200 OK"
2026-08-28 16:26:56,866 - httpx - INFO - HTTP Request: POST https://api.telegram.org/bot8675611169:AAF_DKY6zokmqA1F0n3cOR7f_RO5WZzO6rA/getUpdates "HTTP/1.1 200 OK"
2026-08-28 16:27:07,005 - httpx - INFO - HTTP Request: POST https://api.telegram.org/bot8675611169:AAF_DKY6zokmqA1F0n3cOR7f_RO5WZzO6rA/getUpdates "HTTP/1.1 200 OK"
2026-08-28 16:27:17,148 - httpx - INFO - HTTP Request: POST https://api.telegram.org/bot8675611169:AAF_DKY6zokmqA1F0n3cOR7f_RO5WZzO6rA/getUpdates "HTTP/1.1 200 OK"
2026-08-28 16:27:27,288 - httpx - INFO - HTTP Request: POST https://api.telegram.org/bot8675611169:AAF_DKY6zokmqA1F0n3cOR7f_RO5WZzO6rA/getUpdates "HTTP/1.1 200 OK"
2026-08-28 16:27:37,419 - httpx - INFO - HTTP Request: POST https://api.telegram.org/bot8675611169:AAF_DKY6zokmqA1F0n3cOR7f_RO5WZzO6rA/getUpdates "HTTP/1.1 200 OK"
2026-08-28 16:27:47,554 - httpx - INFO - HTTP Request: POST https://api.telegram.org/bot8675611169:AAF_DKY6zokmqA1F0n3cOR7f_RO5WZzO6rA/getUpdates "HTTP/1.1 200 OK"
2026-08-28 16:27:52,529 - httpx - INFO - HTTP Request: POST https://api.telegram.org/bot8675611169:AAF_DKY6zokmqA1F0n3cOR7f_RO5WZzO6rA/getUpdates "HTTP/1.1 200 OK"
2026-08-28 16:27:52,531 - telegram.ext.Application - INFO - Application is stopping. This might take a moment.
2026-08-28 16:27:52,532 - telegram.ext.Application - INFO - Application.stop() complete
